C51 COMPILER V9.57.0.0   LCD12864                                                          05/06/2026 19:51:25 PAGE 1   


C51 COMPILER V9.57.0.0, COMPILATION OF MODULE LCD12864
OBJECT MODULE PLACED IN .\Objects\lcd12864.obj
COMPILER INVOKED BY: D:\Keil_v5\C51\BIN\C51.EXE lcd12864.c OPTIMIZE(8,SPEED) BROWSE DEBUG OBJECTEXTEND PRINT(.\Listings\
                    -lcd12864.lst) TABS(2) OBJECT(.\Objects\lcd12864.obj)

line level    source

   1          #include"lcd12864.h"
   2          
   3          void LCD12864_Delay1ms(uint c)              //内置软件延时
   4          {
   5   1        char a,b;
   6   1        for(; c>0; c--)
   7   1        {
   8   2          for(b=199; b>0; b--)
   9   2          {
  10   3                for(a=1; a>0; a--);
  11   3          }
  12   2        }
  13   1      }
  14          
  15          uchar LCD12864_Busy(void)                   //检测LCD是否忙（1表示不忙，0表示忙）
  16          {
  17   1        uchar i = 0;
  18   1      
  19   1        LCD12864_RS = 0;                          //选择命令
  20   1        LCD12864_RW = 1;                          //选择读取
  21   1      
  22   1        LCD12864_EN = 1;
  23   1        LCD12864_Delay1ms(1);
  24   1      
  25   1        while((LCD12864_DATAPORT & 0x80) == 0x80) //检测读取到的值
  26   1        {
  27   2          i++;
  28   2          if(i > 100)
  29   2          {
  30   3            LCD12864_EN = 0;
  31   3            return 0;                             //超过等待时间返回0表示失败
  32   3          }
  33   2        }
  34   1      
  35   1        LCD12864_EN = 0;
  36   1      
  37   1        return 1;
  38   1      }
  39          
  40          void LCD12864_WriteCmd(uchar cmd)     //写命令
  41          {
  42   1        uchar i;
  43   1        i = 0;
  44   1        while( LCD12864_Busy() == 0)
  45   1        {
  46   2          LCD12864_Delay1ms(1);
  47   2          i++;
  48   2          if( i>100)
  49   2          {
  50   3            return;                         //超过等待退出
  51   3          } 
  52   2        }
  53   1        
  54   1        LCD12864_RS = 0;                    //选择命令
C51 COMPILER V9.57.0.0   LCD12864                                                          05/06/2026 19:51:25 PAGE 2   

  55   1        LCD12864_RW = 0;                    //选择写入
  56   1        LCD12864_EN = 0;                    //初始化使能端
  57   1      
  58   1        LCD12864_DATAPORT = cmd;            //放置数据
  59   1      
  60   1        LCD12864_EN = 1;                    //写时序
  61   1        LCD12864_Delay1ms(5);
  62   1        LCD12864_EN = 0;              
  63   1      }
  64          
  65          void LCD12864_WriteData(uchar dat)    //写数据
  66          {
  67   1        uchar i;
  68   1        i = 0;
  69   1        while( LCD12864_Busy() == 0)
  70   1        {
  71   2          LCD12864_Delay1ms(1);
  72   2          i++;
  73   2          if( i>100)
  74   2          {
  75   3            return;                         //超过等待退出
  76   3          } 
  77   2        }
  78   1      
  79   1        LCD12864_RS = 1;                    //选择数据
  80   1        LCD12864_RW = 0;                    //选择写入
  81   1        LCD12864_EN = 0;                    //初始化使能端
  82   1      
  83   1        LCD12864_DATAPORT = dat;            //放置数据
  84   1      
  85   1        LCD12864_EN = 1;                    //写时序
  86   1        LCD12864_Delay1ms(5);
  87   1        LCD12864_EN = 0;                    
  88   1      }
  89          
  90          void IntToStr(int num, char *str, int digits) //将数字转化为字符，以支持数字的动态显示
  91          {
  92   1        int i = 0;
  93   1        int isNegative = 0;
  94   1        int start, end;
  95   1        int len = 0;
  96   1        int temp = num;
  97   1      
  98   1        // 处理负数
  99   1        if (num < 0) 
 100   1        {
 101   2          isNegative = 1;
 102   2          num = -num;
 103   2          temp = num;
 104   2        }
 105   1      
 106   1        // 计算数字长度
 107   1        do 
 108   1        {
 109   2          len++;
 110   2          temp /= 10;
 111   2        } while (temp != 0);
 112   1      
 113   1        // 如果需要固定位数且实际位数不足，前面补零
 114   1        if (digits > 0 && len < digits) 
 115   1        {
 116   2          for (i = 0; i < digits - len; i++) 
C51 COMPILER V9.57.0.0   LCD12864                                                          05/06/2026 19:51:25 PAGE 3   

 117   2          {
 118   3            str[i] = '0';
 119   3          }
 120   2        }
 121   1      
 122   1        // 处理0的情况
 123   1        if (num == 0) 
 124   1        {
 125   2          if (digits <= 0) 
 126   2          {
 127   3            str[i++] = '0';
 128   3          } 
 129   2          else                      // 如果要求固定位数，0已经通过前面的补零处理了
 130   2          {
 131   3            
 132   3            i = digits - 1;
 133   3            str[i] = '0';
 134   3          }
 135   2        } 
 136   1        else                        // 将数字转换为字符（反向）
 137   1        {                         
 138   2          temp = num;
 139   2          do 
 140   2          {
 141   3            str[i++] = (temp % 10) + '0';
 142   3            temp /= 10;
 143   3          } while (temp != 0);
 144   2        }
 145   1      
 146   1        // 处理负数
 147   1        if (isNegative) 
 148   1        {
 149   2          str[i++] = '-';
 150   2        }
 151   1      
 152   1        // 反转字符串
 153   1        start = (digits > 0 && digits > len) ? digits - len : 0;
 154   1        end = i - 1;
 155   1        while (start < end) 
 156   1        {
 157   2          char temp_char = str[start];
 158   2          str[start] = str[end];
 159   2          str[end] = temp_char;
 160   2          start++;
 161   2          end--;
 162   2        }
 163   1      
 164   1        str[i] = '\0';                        // 添加字符串结束符
 165   1      }
 166          
 167          void IntToStr2Digit(int num, char *str) //将数字转化为两位数字符串，不足两位前面补零
 168          {
 169   1        // 确保数字在0-99范围内
 170   1        if (num < 0) num = 0;
 171   1        if (num > 99) num = 99;
 172   1        
 173   1        // 转换为两位数字符串
 174   1        str[0] = (num / 10) + '0';
 175   1        str[1] = (num % 10) + '0';
 176   1        str[2] = '\0'; // 字符串结束符
 177   1      }
 178          
C51 COMPILER V9.57.0.0   LCD12864                                                          05/06/2026 19:51:25 PAGE 4   

 179          void LCD12864_Init()                    //初始化LCD12864
 180          {
 181   1        LCD12864_PSB = 1;                     //选择并行输入
 182   1        LCD12864_RST = 1;                     //复位
 183   1      
 184   1        LCD12864_WriteCmd(0x30);              //选择基本指令操作
 185   1        LCD12864_WriteCmd(0x0c);              //显示开，关光标
 186   1        LCD12864_WriteCmd(0x01);              //清除LCD12864的显示内容
 187   1      }
 188          
 189          void LCD12864_SetWindow(uchar x, uchar y, uchar *word)//设置在基本指令模式下设置显示坐标，并显示汉字。注意
             -：x是设置行，y是设置列
 190          {
 191   1        uchar pos;
 192   1        uchar i = 0;                          // 从字符串的第一个字符开始显示
 193   1      
 194   1        // 设置行地址
 195   1        if(x == 0) pos = 0x80 + y;            // 第一行的地址是80H
 196   1        else if(x == 1) pos = 0x90 + y;       // 第二行的地址是90H
 197   1        else if(x == 2) pos = 0x88 + y;       // 第三行的地址是88H
 198   1        else if(x == 3) pos = 0x98 + y;       // 第四行的地址是98H
 199   1        else return;                          // 行错误，直接返回
 200   1                    
 201   1        LCD12864_WriteCmd(pos);               // 设置光标位置
 202   1      
 203   1        // 显示字符串，直到字符串结束或者超出本行（一行最多16个字符，从y列开始，所以最多显示16-y个字符）
 204   1        while (word[i] != '\0' && y < 16) 
 205   1        {
 206   2          LCD12864_WriteData(word[i]);
 207   2          i++;
 208   2          y++;                                // 列位置增加，同时也可以用来判断是否超出本行
 209   2        }
 210   1      }
 211          
 212          void LCD12864_ShowNumber(uchar x, uchar y, int number)  //显示数字的函数
 213          {
 214   1        char buffer[16];                                      // 缓冲区，用于存储转换后的字符串
 215   1        IntToStr(number, buffer,2);                           // 转换数字为字符串
 216   1        LCD12864_SetWindow(x, y, (uchar *)buffer);            // 调用现有的显示函数
 217   1      }
 218          
 219          void LCD12864_Show2DigitNumber(uchar x, uchar y, int number) //显示两位数字的函数（适用于时钟显示）
 220          {
 221   1          char buffer[3];                                     // 缓冲区，用于存储两位数字符串
 222   1          IntToStr2Digit(number, buffer);                     // 转换数字为两位数字符串
 223   1          LCD12864_SetWindow(x, y, (uchar *)buffer);
 224   1      }


MODULE INFORMATION:   STATIC OVERLAYABLE
   CODE SIZE        =    918    ----
   CONSTANT SIZE    =   ----    ----
   XDATA SIZE       =   ----    ----
   PDATA SIZE       =   ----    ----
   DATA SIZE        =   ----      52
   IDATA SIZE       =   ----    ----
   BIT SIZE         =   ----    ----
END OF MODULE INFORMATION.


C51 COMPILATION COMPLETE.  0 WARNING(S),  0 ERROR(S)
