BL51 BANKED LINKER/LOCATER V6.22.2.0                                                    05/06/2026  19:51:26  PAGE 1


BL51 BANKED LINKER/LOCATER V6.22.2.0, INVOKED BY:
D:\KEIL_V5\C51\BIN\BL51.EXE .\Objects\main.obj, .\Objects\DS1302.obj, .\Objects\Timer0.obj, .\Objects\AT24C02.obj, .\Obj
>> ects\I2C.obj, .\Objects\lcd12864.obj, .\Objects\MatrixKey.obj, .\Objects\DS18B20.obj, .\Objects\OneWire.obj, .\Object
>> s\Delay.obj, .\Objects\Buzzer.obj, .\Objects\QJ8900.obj TO .\Objects\Project PRINT (.\Listings\Project.m51) RAMSIZE (
>> 256) DISABLEWARNING (16)


MEMORY MODEL: SMALL WITH FLOATING POINT ARITHMETIC


INPUT MODULES INCLUDED:
  .\Objects\main.obj (MAIN)
  .\Objects\DS1302.obj (DS1302)
  .\Objects\Timer0.obj (TIMER0)
  .\Objects\AT24C02.obj (AT24C02)
  .\Objects\I2C.obj (I2C)
  .\Objects\lcd12864.obj (LCD12864)
  .\Objects\MatrixKey.obj (MATRIXKEY)
  .\Objects\DS18B20.obj (DS18B20)
  .\Objects\OneWire.obj (ONEWIRE)
  .\Objects\Delay.obj (DELAY)
  .\Objects\Buzzer.obj (BUZZER)
  .\Objects\QJ8900.obj (QJ8900)
  D:\KEIL_V5\C51\LIB\C51FPS.LIB (?C?FPDIV)
  D:\KEIL_V5\C51\LIB\C51FPS.LIB (?C?FCAST)
  D:\KEIL_V5\C51\LIB\C51FPS.LIB (?C?CASTF)
  D:\KEIL_V5\C51\LIB\C51FPS.LIB (?C?FPGETOPN)
  D:\KEIL_V5\C51\LIB\C51S.LIB (?C_STARTUP)
  D:\KEIL_V5\C51\LIB\C51S.LIB (?C?SCDIV)
  D:\KEIL_V5\C51\LIB\C51S.LIB (?C?CLDOPTR)
  D:\KEIL_V5\C51\LIB\C51S.LIB (?C?CSTPTR)
  D:\KEIL_V5\C51\LIB\C51S.LIB (?C?CSTOPTR)
  D:\KEIL_V5\C51\LIB\C51S.LIB (?C?IMUL)
  D:\KEIL_V5\C51\LIB\C51S.LIB (?C?UIDIV)
  D:\KEIL_V5\C51\LIB\C51S.LIB (?C?SIDIV)
  D:\KEIL_V5\C51\LIB\C51S.LIB (?C?LNEG)
  D:\KEIL_V5\C51\LIB\C51S.LIB (?C?ULSHR)
  D:\KEIL_V5\C51\LIB\C51S.LIB (?C?LLDCODE)
  D:\KEIL_V5\C51\LIB\C51S.LIB (?C_INIT)


LINK MAP OF MODULE:  .\Objects\Project (MAIN)


            TYPE    BASE      LENGTH    RELOCATION   SEGMENT NAME
            -----------------------------------------------------

            * * * * * * *   D A T A   M E M O R Y   * * * * * * *
            REG     0000H     0008H     ABSOLUTE     "REG BANK 0"
            DATA    0008H     0007H     UNIT         ?DT?DS1302
            DATA    000FH     0003H     UNIT         ?DT?_AT24C02_WRITEBYTE?AT24C02
            DATA    0012H     0002H     UNIT         ?DT?_AT24C02_READBYTE?AT24C02
                    0014H     000CH                  *** GAP ***
            BIT     0020H.0   0000H.1   UNIT         ?BI?MAIN
                    0020H.1   0000H.7                *** GAP ***
            DATA    0021H     0034H     UNIT         ?DT?MAIN
            DATA    0055H     0028H     UNIT         _DATA_GROUP_
            IDATA   007DH     0001H     UNIT         ?STACK
BL51 BANKED LINKER/LOCATER V6.22.2.0                                                  05/06/2026  19:51:26  PAGE 2



            * * * * * * *   C O D E   M E M O R Y   * * * * * * *
            CODE    0000H     0003H     ABSOLUTE     
            CODE    0003H     0007H     UNIT         ?PR?I2C_STOP?I2C
                    000AH     0001H                  *** GAP ***
            CODE    000BH     0003H     ABSOLUTE     
            CODE    000EH     02CEH     UNIT         ?PR?TIMESET?MAIN
            CODE    02DCH     02B0H     UNIT         ?C?LIB_CODE
            CODE    058CH     029AH     UNIT         ?PR?_SOLARTOLUNAR?MAIN
            CODE    0826H     01EDH     UNIT         ?PR?_INTTOSTR?LCD12864
            CODE    0A13H     01A3H     UNIT         ?PR?MAIN?MAIN
            CODE    0BB6H     01A0H     UNIT         ?PR?ALARM_CLOCK?MAIN
            CODE    0D56H     0189H     UNIT         ?PR?MATRIXKEY?MATRIXKEY
            CODE    0EDFH     0184H     UNIT         ?PR?DS1302_SETTIME?DS1302
            CODE    1063H     0162H     UNIT         ?PR?QJ8900_DAY?MAIN
            CODE    11C5H     00A1H     UNIT         ?PR?_CALCULATEWEEKDAY?MAIN
            CODE    1266H     0099H     UNIT         ?PR?TIMER0_ROUTINE?MAIN
            CODE    12FFH     008DH     UNIT         ?PR?DS1302_READTIME?DS1302
            CODE    138CH     008CH     UNIT         ?C_C51STARTUP
            CODE    1418H     006AH     UNIT         ?C_INITSEG
            CODE    1482H     0063H     UNIT         ?PR?_INTTOSTR2DIGIT?LCD12864
            CODE    14E5H     0062H     UNIT         ?PR?TIMESHOW?MAIN
            CODE    1547H     005FH     UNIT         ?PR?_LCD12864_SETWINDOW?LCD12864
            CODE    15A6H     005CH     UNIT         ?PR?_DS1302_WRITEBYTE?DS1302
            CODE    1602H     0059H     UNIT         ?PR?_DS1302_READBYTE?DS1302
            CODE    165BH     004DH     UNIT         ?PR?_DISPLAYLUNAR?MAIN
            CODE    16A8H     004AH     UNIT         ?PR?_SENDDATA?QJ8900
            CODE    16F2H     0048H     UNIT         ?PR?_GETSOLARMONTHDAYS?MAIN
            CODE    173AH     003FH     UNIT         ?CO?MAIN
            CODE    1779H     0030H     UNIT         ?PR?_AT24C02_READBYTE?AT24C02
            CODE    17A9H     002EH     UNIT         ?PR?_LCD12864_DELAY1MS?LCD12864
            CODE    17D7H     002BH     UNIT         ?PR?DS18B20_READT?DS18B20
            CODE    1802H     0029H     UNIT         ?PR?_I2C_SENDBYTE?I2C
            CODE    182BH     0024H     UNIT         ?PR?_AT24C02_WRITEBYTE?AT24C02
            CODE    184FH     0024H     UNIT         ?PR?LCD12864_BUSY?LCD12864
            CODE    1873H     0024H     UNIT         ?PR?_LCD12864_SHOWNUMBER?LCD12864
            CODE    1897H     0022H     UNIT         ?PR?_BUZZER_TIME?BUZZER
            CODE    18B9H     0021H     UNIT         ?PR?_QJ8900_PLAYTRACK?QJ8900
            CODE    18DAH     0020H     UNIT         ?PR?_LCD12864_WRITECMD?LCD12864
            CODE    18FAH     0020H     UNIT         ?PR?_LCD12864_WRITEDATA?LCD12864
            CODE    191AH     0020H     UNIT         ?PR?_QJ8900_SETVOLUME?QJ8900
            CODE    193AH     001EH     UNIT         ?PR?I2C_RECEIVEBYTE?I2C
            CODE    1958H     001EH     UNIT         ?PR?_LCD12864_SHOW2DIGITNUMBER?LCD12864
            CODE    1976H     001EH     UNIT         ?PR?ONEWIRE_INIT?ONEWIRE
            CODE    1994H     001DH     UNIT         ?PR?ONEWIRE_RECEIVEBYTE?ONEWIRE
            CODE    19B1H     001CH     UNIT         ?PR?ONEWIRE_RECEIVEBIT?ONEWIRE
            CODE    19CDH     0019H     UNIT         ?PR?_ONEWIRE_SENDBYTE?ONEWIRE
            CODE    19E6H     0017H     UNIT         ?PR?TIMER0INIT?TIMER0
            CODE    19FDH     0016H     UNIT         ?PR?_ONEWIRE_SENDBIT?ONEWIRE
            CODE    1A13H     0015H     UNIT         ?PR?_DELAY?DELAY
            CODE    1A28H     0014H     UNIT         ?PR?_CELSIUSTOFAHRENHEIT?MAIN
            CODE    1A3CH     0013H     UNIT         ?PR?LCD12864_INIT?LCD12864
            CODE    1A4FH     0013H     UNIT         ?PR?_DELAY1US?QJ8900
            CODE    1A62H     0011H     UNIT         ?PR?_QJ8900_PLAYONETRACK?QJ8900
            CODE    1A73H     000DH     UNIT         ?PR?DS18B20_CONVERTT?DS18B20
            CODE    1A80H     000CH     UNIT         ?PR?I2C_RECEIVEACK?I2C
            CODE    1A8CH     000AH     UNIT         ?PR?_I2C_SENDACK?I2C
BL51 BANKED LINKER/LOCATER V6.22.2.0                                                  05/06/2026  19:51:26  PAGE 3


            CODE    1A96H     0009H     UNIT         ?PR?I2C_START?I2C
            CODE    1A9FH     0006H     UNIT         ?PR?BUZZER_DELAY500US?BUZZER
            CODE    1AA5H     0005H     UNIT         ?PR?DS1302_INIT?DS1302



OVERLAY MAP OF MODULE:   .\Objects\Project (MAIN)


SEGMENT                                           DATA_GROUP 
  +--> CALLED SEGMENT                           START    LENGTH
---------------------------------------------------------------
?C_C51STARTUP                                   -----    -----
  +--> ?PR?MAIN?MAIN
  +--> ?C_INITSEG

?PR?MAIN?MAIN                                   -----    -----
  +--> ?PR?DS18B20_CONVERTT?DS18B20
  +--> ?PR?_DELAY?DELAY
  +--> ?PR?DS1302_INIT?DS1302
  +--> ?PR?LCD12864_INIT?LCD12864
  +--> ?PR?TIMER0INIT?TIMER0
  +--> ?PR?DS1302_READTIME?DS1302
  +--> ?PR?DS1302_SETTIME?DS1302
  +--> ?PR?_BUZZER_TIME?BUZZER
  +--> ?PR?_LCD12864_SETWINDOW?LCD12864
  +--> ?CO?MAIN
  +--> ?PR?DS18B20_READT?DS18B20
  +--> ?PR?_LCD12864_SHOWNUMBER?LCD12864
  +--> ?PR?MATRIXKEY?MATRIXKEY
  +--> ?PR?_CALCULATEWEEKDAY?MAIN
  +--> ?PR?_DISPLAYLUNAR?MAIN
  +--> ?PR?QJ8900_DAY?MAIN
  +--> ?PR?TIMESHOW?MAIN
  +--> ?PR?TIMESET?MAIN
  +--> ?PR?ALARM_CLOCK?MAIN

?PR?DS18B20_CONVERTT?DS18B20                    -----    -----
  +--> ?PR?ONEWIRE_INIT?ONEWIRE
  +--> ?PR?_ONEWIRE_SENDBYTE?ONEWIRE

?PR?_ONEWIRE_SENDBYTE?ONEWIRE                   -----    -----
  +--> ?PR?_ONEWIRE_SENDBIT?ONEWIRE

?PR?LCD12864_INIT?LCD12864                      -----    -----
  +--> ?PR?_LCD12864_WRITECMD?LCD12864

?PR?_LCD12864_WRITECMD?LCD12864                 -----    -----
  +--> ?PR?LCD12864_BUSY?LCD12864
  +--> ?PR?_LCD12864_DELAY1MS?LCD12864

?PR?LCD12864_BUSY?LCD12864                      -----    -----
  +--> ?PR?_LCD12864_DELAY1MS?LCD12864

?PR?DS1302_READTIME?DS1302                      -----    -----
  +--> ?PR?_DS1302_READBYTE?DS1302

BL51 BANKED LINKER/LOCATER V6.22.2.0                                                  05/06/2026  19:51:26  PAGE 4


?PR?_DS1302_READBYTE?DS1302                     0055H    0002H
  +--> ?PR?_LCD12864_WRITECMD?LCD12864

?PR?DS1302_SETTIME?DS1302                       -----    -----
  +--> ?PR?_LCD12864_WRITECMD?LCD12864
  +--> ?PR?_DS1302_WRITEBYTE?DS1302

?PR?_DS1302_WRITEBYTE?DS1302                    0055H    0002H

?PR?_BUZZER_TIME?BUZZER                         -----    -----
  +--> ?PR?BUZZER_DELAY500US?BUZZER

?PR?_LCD12864_SETWINDOW?LCD12864                006BH    0006H
  +--> ?PR?_LCD12864_WRITECMD?LCD12864
  +--> ?PR?_LCD12864_WRITEDATA?LCD12864

?PR?_LCD12864_WRITEDATA?LCD12864                -----    -----
  +--> ?PR?LCD12864_BUSY?LCD12864
  +--> ?PR?_LCD12864_DELAY1MS?LCD12864

?PR?DS18B20_READT?DS18B20                       0055H    0001H
  +--> ?PR?ONEWIRE_INIT?ONEWIRE
  +--> ?PR?_ONEWIRE_SENDBYTE?ONEWIRE
  +--> ?PR?ONEWIRE_RECEIVEBYTE?ONEWIRE

?PR?ONEWIRE_RECEIVEBYTE?ONEWIRE                 -----    -----
  +--> ?PR?ONEWIRE_RECEIVEBIT?ONEWIRE

?PR?_LCD12864_SHOWNUMBER?LCD12864               0059H    0012H
  +--> ?PR?_INTTOSTR?LCD12864
  +--> ?PR?_LCD12864_SETWINDOW?LCD12864

?PR?_INTTOSTR?LCD12864                          006BH    0012H

?PR?MATRIXKEY?MATRIXKEY                         0055H    0001H
  +--> ?PR?_DELAY?DELAY

?PR?_CALCULATEWEEKDAY?MAIN                      0055H    0001H

?PR?_DISPLAYLUNAR?MAIN                          0055H    0004H
  +--> ?PR?_SOLARTOLUNAR?MAIN
  +--> ?PR?_LCD12864_SHOWNUMBER?LCD12864
  +--> ?CO?MAIN
  +--> ?PR?_LCD12864_SETWINDOW?LCD12864

?PR?_SOLARTOLUNAR?MAIN                          0059H    0017H
  +--> ?CO?MAIN
  +--> ?PR?_GETSOLARMONTHDAYS?MAIN

?PR?QJ8900_DAY?MAIN                             -----    -----
  +--> ?PR?_SENDDATA?QJ8900
  +--> ?PR?_QJ8900_SETVOLUME?QJ8900
  +--> ?PR?_QJ8900_PLAYTRACK?QJ8900
  +--> ?PR?_DELAY?DELAY
  +--> ?PR?_QJ8900_PLAYONETRACK?QJ8900

?PR?_SENDDATA?QJ8900                            -----    -----
BL51 BANKED LINKER/LOCATER V6.22.2.0                                                  05/06/2026  19:51:26  PAGE 5


  +--> ?PR?_DELAY1US?QJ8900

?PR?_QJ8900_SETVOLUME?QJ8900                    0055H    0001H
  +--> ?PR?_SENDDATA?QJ8900

?PR?_QJ8900_PLAYTRACK?QJ8900                    0055H    0001H
  +--> ?PR?_SENDDATA?QJ8900

?PR?_QJ8900_PLAYONETRACK?QJ8900                 0055H    0001H
  +--> ?PR?_SENDDATA?QJ8900

?PR?TIMESHOW?MAIN                               -----    -----
  +--> ?PR?DS1302_READTIME?DS1302
  +--> ?PR?_LCD12864_SHOWNUMBER?LCD12864
  +--> ?PR?_LCD12864_SHOW2DIGITNUMBER?LCD12864

?PR?_LCD12864_SHOW2DIGITNUMBER?LCD12864         0055H    0005H
  +--> ?PR?_INTTOSTR2DIGIT?LCD12864
  +--> ?PR?_LCD12864_SETWINDOW?LCD12864

?PR?_INTTOSTR2DIGIT?LCD12864                    005AH    0005H

?PR?TIMESET?MAIN                                -----    -----
  +--> ?PR?_BUZZER_TIME?BUZZER
  +--> ?CO?MAIN
  +--> ?PR?_LCD12864_SETWINDOW?LCD12864
  +--> ?PR?_LCD12864_SHOWNUMBER?LCD12864

?PR?ALARM_CLOCK?MAIN                            -----    -----
  +--> ?PR?DS1302_SETTIME?DS1302
  +--> ?PR?_BUZZER_TIME?BUZZER
  +--> ?CO?MAIN
  +--> ?PR?_LCD12864_SETWINDOW?LCD12864
  +--> ?PR?_LCD12864_SHOWNUMBER?LCD12864



SYMBOL TABLE OF MODULE:  .\Objects\Project (MAIN)

  VALUE           TYPE          NAME
  ----------------------------------

  -------         MODULE        MAIN
  C:0000H         SYMBOL        _ICE_DUMMY_
  C:1266H         PUBLIC        Timer0_Routine
  D:0090H         PUBLIC        P1
  D:00A0H         PUBLIC        P2
  D:00B0H         PUBLIC        P3
  B:0090H.5       PUBLIC        Buzzer
  D:0027H         PUBLIC        Clock_sec
  D:0028H         PUBLIC        Week
  C:174DH         PUBLIC        lunar_table
  D:0029H         PUBLIC        Day_Temp
  D:002AH         PUBLIC        Hour_Temp
  D:002BH         PUBLIC        Min_Temp
  D:002CH         PUBLIC        TimeSetSelect
  D:002DH         PUBLIC        MODE
BL51 BANKED LINKER/LOCATER V6.22.2.0                                                  05/06/2026  19:51:26  PAGE 6


  D:002EH         PUBLIC        TR
  C:0A13H         PUBLIC        main
  C:1A28H         PUBLIC        _CelsiusToFahrenheit
  C:1063H         PUBLIC        QJ8900_DAY
  D:002FH         PUBLIC        TimeSetFlashFlag
  B:0020H.0       PUBLIC        BuzzerStop
  D:0030H         PUBLIC        fahrenhei
  D:0032H         PUBLIC        year
  D:0035H         PUBLIC        Temp_Str
  D:0036H         PUBLIC        Br
  C:14E5H         PUBLIC        TimeShow
  D:0037H         PUBLIC        sec_Temp
  D:0038H         PUBLIC        QJ8900_SU_03
  C:000EH         PUBLIC        TimeSet
  D:0039H         PUBLIC        day
  D:003CH         SYMBOL        T0Count2
  C:16F2H         PUBLIC        _GetSolarMonthDays
  D:003EH         PUBLIC        min
  D:0041H         PUBLIC        wen
  D:008CH         PUBLIC        TH0
  C:058CH         PUBLIC        _SolarToLunar
  D:008AH         PUBLIC        TL0
  D:0044H         PUBLIC        T
  D:0045H         PUBLIC        run
  D:0048H         PUBLIC        BuzzerR
  D:0049H         PUBLIC        du
  D:004CH         PUBLIC        KeyNum
  C:0BB6H         PUBLIC        Alarm_clock
  C:165BH         PUBLIC        _DisplayLunar
  D:004DH         PUBLIC        Clock_Time
  C:11C5H         PUBLIC        _CalculateWeekday
  D:004EH         PUBLIC        QJ8900_OK
  D:004FH         PUBLIC        QJ8900_Sec
  D:0050H         PUBLIC        Clock_Day
  D:0051H         PUBLIC        QJ8900_Hour
  D:0052H         PUBLIC        Clock_Hour
  D:0053H         PUBLIC        QJ8900_Min
  D:0054H         PUBLIC        Clock_Min
  B:00B0H.2       PUBLIC        Voice
  -------         PROC          TIMESHOW
  C:14E5H         LINE#         104
  C:14E5H         LINE#         105
  C:14E5H         LINE#         106
  C:14E8H         LINE#         107
  C:14F5H         LINE#         108
  C:1503H         LINE#         109
  C:150FH         LINE#         110
  C:151DH         LINE#         111
  C:152BH         LINE#         112
  C:1539H         LINE#         113
  -------         ENDPROC       TIMESHOW
  -------         PROC          TIMESET
  C:000EH         LINE#         116
  C:000EH         LINE#         117
  C:000EH         LINE#         118
  C:0013H         LINE#         119
  C:0013H         LINE#         120
BL51 BANKED LINKER/LOCATER V6.22.2.0                                                  05/06/2026  19:51:26  PAGE 7


  C:001AH         LINE#         121
  C:001CH         LINE#         122
  C:0025H         LINE#         123
  C:0025H         LINE#         124
  C:002EH         LINE#         125
  C:002EH         LINE#         126
  C:0034H         LINE#         127
  C:003AH         LINE#         128
  C:0046H         LINE#         129
  C:0052H         LINE#         130
  C:007BH         LINE#         132
  C:007BH         LINE#         133
  C:0084H         LINE#         134
  C:0086H         LINE#         135
  C:009DH         LINE#         136
  C:009DH         LINE#         137
  C:00A6H         LINE#         138
  C:00A8H         LINE#         139
  C:00ADH         LINE#         140
  C:00ADH         LINE#         141
  C:00BAH         LINE#         142
  C:00BAH         LINE#         143
  C:00C3H         LINE#         144
  C:00C5H         LINE#         146
  C:00C5H         LINE#         147
  C:00D1H         LINE#         148
  C:00D1H         LINE#         149
  C:00D1H         LINE#         150
  C:00DDH         LINE#         151
  C:00E9H         LINE#         152
  C:00F5H         LINE#         153
  C:00F5H         LINE#         154
  C:00FEH         LINE#         155
  C:00FEH         LINE#         156
  C:0104H         LINE#         157
  C:010AH         LINE#         158
  C:0116H         LINE#         159
  C:0122H         LINE#         160
  C:014BH         LINE#         162
  C:014BH         LINE#         163
  C:0157H         LINE#         164
  C:0160H         LINE#         165
  C:0162H         LINE#         166
  C:0179H         LINE#         167
  C:0179H         LINE#         168
  C:0185H         LINE#         169
  C:018EH         LINE#         170
  C:0190H         LINE#         171
  C:0196H         LINE#         172
  C:0196H         LINE#         173
  C:01A3H         LINE#         174
  C:01A3H         LINE#         175
  C:01AFH         LINE#         176
  C:01B8H         LINE#         177
  C:01BAH         LINE#         179
  C:01BAH         LINE#         180
  C:01C6H         LINE#         181
BL51 BANKED LINKER/LOCATER V6.22.2.0                                                  05/06/2026  19:51:26  PAGE 8


  C:01D2H         LINE#         182
  C:01D2H         LINE#         183
  C:01D2H         LINE#         184
  C:01DEH         LINE#         185
  C:01EAH         LINE#         186
  C:01F6H         LINE#         187
  C:01F6H         LINE#         189
  C:020DH         LINE#         190
  C:021AH         LINE#         191
  C:0233H         LINE#         192
  C:0241H         LINE#         193
  C:025AH         LINE#         194
  C:0268H         LINE#         195
  C:0281H         LINE#         196
  C:028FH         LINE#         197
  C:02A8H         LINE#         198
  C:02B6H         LINE#         199
  C:02CDH         LINE#         200
  C:02DBH         LINE#         201
  -------         ENDPROC       TIMESET
  -------         PROC          ALARM_CLOCK
  C:0BB6H         LINE#         203
  C:0BB6H         LINE#         204
  C:0BB6H         LINE#         205
  C:0BBBH         LINE#         206
  C:0BBBH         LINE#         207
  C:0BBEH         LINE#         208
  C:0BC1H         LINE#         209
  C:0BC4H         LINE#         210
  C:0BC7H         LINE#         211
  C:0BCAH         LINE#         212
  C:0BCAH         LINE#         214
  C:0BD1H         LINE#         215
  C:0BD1H         LINE#         217
  C:0BD6H         LINE#         218
  C:0BD6H         LINE#         220
  C:0BD9H         LINE#         221
  C:0BD9H         LINE#         222
  C:0BDEH         LINE#         223
  C:0BDEH         LINE#         225
  C:0BE1H         LINE#         226
  C:0BE4H         LINE#         227
  C:0BE7H         LINE#         228
  C:0BEAH         LINE#         230
  C:0BEDH         LINE#         231
  C:0BF0H         LINE#         232
  C:0BF3H         LINE#         233
  C:0BF6H         LINE#         234
  C:0BF9H         LINE#         235
  C:0BFCH         LINE#         236
  C:0BFCH         LINE#         237
  C:0C01H         LINE#         238
  C:0C01H         LINE#         239
  C:0C08H         LINE#         240
  C:0C0BH         LINE#         241
  C:0C0DH         LINE#         242
  C:0C19H         LINE#         243
BL51 BANKED LINKER/LOCATER V6.22.2.0                                                  05/06/2026  19:51:26  PAGE 9


  C:0C19H         LINE#         244
  C:0C1EH         LINE#         245
  C:0C1EH         LINE#         246
  C:0C25H         LINE#         247
  C:0C28H         LINE#         248
  C:0C2AH         LINE#         249
  C:0C36H         LINE#         250
  C:0C36H         LINE#         251
  C:0C3BH         LINE#         252
  C:0C3BH         LINE#         253
  C:0C42H         LINE#         254
  C:0C45H         LINE#         255
  C:0C47H         LINE#         256
  C:0C53H         LINE#         257
  C:0C53H         LINE#         258
  C:0C58H         LINE#         259
  C:0C58H         LINE#         260
  C:0C5FH         LINE#         261
  C:0C62H         LINE#         262
  C:0C64H         LINE#         263
  C:0C70H         LINE#         264
  C:0C70H         LINE#         265
  C:0C70H         LINE#         267
  C:0C87H         LINE#         268
  C:0C94H         LINE#         269
  C:0CADH         LINE#         270
  C:0CBBH         LINE#         271
  C:0CD4H         LINE#         272
  C:0CE2H         LINE#         273
  C:0CFBH         LINE#         274
  C:0D09H         LINE#         275
  C:0D22H         LINE#         276
  C:0D30H         LINE#         277
  C:0D47H         LINE#         278
  C:0D55H         LINE#         279
  -------         ENDPROC       ALARM_CLOCK
  -------         PROC          _CALCULATEWEEKDAY
  D:0006H         SYMBOL        year
  D:0005H         SYMBOL        month
  D:0003H         SYMBOL        day
  -------         DO            
  D:0002H         SYMBOL        m
  D:0082H         SYMBOL        y
  D:0055H         SYMBOL        base
  D:0006H         SYMBOL        weekday
  -------         ENDDO         
  C:11C5H         LINE#         283
  C:11C5H         LINE#         284
  C:11C5H         LINE#         285
  C:11C7H         LINE#         286
  C:11CBH         LINE#         291
  C:11D1H         LINE#         292
  C:11D1H         LINE#         293
  C:11D5H         LINE#         294
  C:11DFH         LINE#         295
  C:11DFH         LINE#         297
  C:11FAH         LINE#         300
BL51 BANKED LINKER/LOCATER V6.22.2.0                                                  05/06/2026  19:51:26  PAGE 10


  C:1244H         LINE#         301
  C:124DH         LINE#         304
  C:125FH         LINE#         305
  C:1265H         LINE#         307
  C:1265H         LINE#         308
  -------         ENDPROC       _CALCULATEWEEKDAY
  -------         PROC          _CELSIUSTOFAHRENHEIT
  D:0006H         SYMBOL        celsius
  -------         DO            
  D:0006H         SYMBOL        fahrenheit
  -------         ENDDO         
  C:1A28H         LINE#         310
  C:1A28H         LINE#         311
  C:1A28H         LINE#         313
  C:1A3BH         LINE#         314
  C:1A3BH         LINE#         315
  -------         ENDPROC       _CELSIUSTOFAHRENHEIT
  -------         PROC          _GETSOLARMONTHDAYS
  D:0082H         SYMBOL        year
  D:0003H         SYMBOL        month
  C:16F2H         LINE#         318
  C:16F8H         LINE#         319
  C:16FDH         LINE#         320
  C:171CH         LINE#         321
  C:171FH         LINE#         322
  C:1722H         LINE#         323
  C:1722H         LINE#         326
  C:1734H         LINE#         327
  C:1737H         LINE#         328
  C:1739H         LINE#         329
  -------         ENDPROC       _GETSOLARMONTHDAYS
  -------         PROC          _SOLARTOLUNAR
  D:0059H         SYMBOL        syear
  D:005BH         SYMBOL        smonth
  D:005CH         SYMBOL        sday
  D:005DH         SYMBOL        result
  -------         DO            
  D:0060H         SYMBOL        lunarData
  D:0064H         SYMBOL        spring_month
  D:0065H         SYMBOL        spring_day
  D:0066H         SYMBOL        leap_month
  D:0067H         SYMBOL        month_info
  D:0069H         SYMBOL        days
  D:006BH         SYMBOL        tempDays
  D:0005H         SYMBOL        month_count
  D:006DH         SYMBOL        month_days
  D:006EH         SYMBOL        i
  -------         ENDDO         
  C:058CH         LINE#         332
  C:0594H         LINE#         333
  C:0594H         LINE#         340
  C:0599H         LINE#         341
  C:059DH         LINE#         347
  C:05A6H         LINE#         348
  C:05B2H         LINE#         349
  C:05B9H         LINE#         350
  C:05C0H         LINE#         353
BL51 BANKED LINKER/LOCATER V6.22.2.0                                                  05/06/2026  19:51:26  PAGE 11


  C:05DCH         LINE#         357
  C:0600H         LINE#         358
  C:0608H         LINE#         359
  C:0618H         LINE#         360
  C:0627H         LINE#         361
  C:0632H         LINE#         364
  C:0636H         LINE#         367
  C:0649H         LINE#         369
  C:0649H         LINE#         370
  C:0658H         LINE#         373
  C:066DH         LINE#         374
  C:0675H         LINE#         375
  C:0685H         LINE#         376
  C:0694H         LINE#         377
  C:069EH         LINE#         378
  C:06A2H         LINE#         379
  C:06A4H         LINE#         381
  C:06A4H         LINE#         382
  C:06B1H         LINE#         383
  C:06B1H         LINE#         387
  C:06B8H         LINE#         388
  C:06B8H         LINE#         390
  C:06CCH         LINE#         393
  C:06E3H         LINE#         394
  C:06E3H         LINE#         395
  C:06F6H         LINE#         396
  C:0700H         LINE#         399
  C:070BH         LINE#         400
  C:070DH         LINE#         401
  C:0716H         LINE#         402
  C:0716H         LINE#         404
  C:0722H         LINE#         405
  C:0722H         LINE#         407
  C:0722H         LINE#         411
  C:0722H         LINE#         414
  C:072EH         LINE#         417
  C:0733H         LINE#         418
  C:073FH         LINE#         421
  C:0755H         LINE#         422
  C:0755H         LINE#         424
  C:077AH         LINE#         426
  C:0790H         LINE#         427
  C:0790H         LINE#         429
  C:0794H         LINE#         430
  C:0794H         LINE#         431
  C:07AAH         LINE#         432
  C:07AAH         LINE#         433
  C:07ABH         LINE#         434
  C:07ABH         LINE#         435
  C:07ADH         LINE#         436
  C:07BEH         LINE#         437
  C:07BEH         LINE#         438
  C:07CCH         LINE#         439
  C:07D1H         LINE#         440
  C:07D3H         LINE#         442
  C:07D3H         LINE#         443
  C:07E1H         LINE#         444
BL51 BANKED LINKER/LOCATER V6.22.2.0                                                  05/06/2026  19:51:26  PAGE 12


  C:07E5H         LINE#         445
  C:07E5H         LINE#         446
  C:07E7H         LINE#         448
  C:07E7H         LINE#         449
  C:07F6H         LINE#         450
  C:07FDH         LINE#         451
  C:07FDH         LINE#         453
  C:080FH         LINE#         454
  C:080FH         LINE#         455
  C:080FH         LINE#         456
  C:081AH         LINE#         457
  C:0825H         LINE#         458
  -------         ENDPROC       _SOLARTOLUNAR
  -------         PROC          _DISPLAYLUNAR
  D:0006H         SYMBOL        year
  D:0005H         SYMBOL        month
  D:0003H         SYMBOL        day
  -------         DO            
  D:0055H         SYMBOL        lunar
  -------         ENDDO         
  C:165BH         LINE#         461
  C:165BH         LINE#         462
  C:165BH         LINE#         464
  C:1667H         LINE#         467
  C:1677H         LINE#         469
  C:167BH         LINE#         470
  C:167BH         LINE#         471
  C:1681H         LINE#         472
  C:1683H         LINE#         474
  C:1683H         LINE#         475
  C:1690H         LINE#         476
  C:1690H         LINE#         477
  C:169CH         LINE#         478
  -------         ENDPROC       _DISPLAYLUNAR
  -------         PROC          QJ8900_DAY
  C:1063H         LINE#         481
  C:1063H         LINE#         482
  C:1063H         LINE#         483
  C:106CH         LINE#         484
  C:106CH         LINE#         485
  C:106EH         LINE#         486
  C:1073H         LINE#         487
  C:1078H         LINE#         488
  C:107DH         LINE#         489
  C:1084H         LINE#         490
  C:1087H         LINE#         491
  C:108AH         LINE#         492
  C:108DH         LINE#         493
  C:1092H         LINE#         494
  C:1099H         LINE#         495
  C:1099H         LINE#         496
  C:109EH         LINE#         497
  C:10A5H         LINE#         498
  C:10AAH         LINE#         499
  C:10B1H         LINE#         500
  C:10B1H         LINE#         501
  C:10B8H         LINE#         502
BL51 BANKED LINKER/LOCATER V6.22.2.0                                                  05/06/2026  19:51:26  PAGE 13


  C:10B8H         LINE#         503
  C:10C2H         LINE#         504
  C:10C9H         LINE#         505
  C:10CEH         LINE#         506
  C:10D5H         LINE#         507
  C:10E0H         LINE#         508
  C:10E7H         LINE#         509
  C:10ECH         LINE#         510
  C:10F3H         LINE#         511
  C:10F3H         LINE#         512
  C:10F8H         LINE#         513
  C:10FFH         LINE#         514
  C:10FFH         LINE#         515
  C:1104H         LINE#         516
  C:110BH         LINE#         517
  C:1110H         LINE#         518
  C:1117H         LINE#         519
  C:1117H         LINE#         520
  C:111EH         LINE#         521
  C:111EH         LINE#         522
  C:1128H         LINE#         523
  C:112FH         LINE#         524
  C:1134H         LINE#         525
  C:113BH         LINE#         526
  C:1146H         LINE#         527
  C:114DH         LINE#         528
  C:1152H         LINE#         529
  C:1159H         LINE#         530
  C:1159H         LINE#         531
  C:115EH         LINE#         532
  C:1165H         LINE#         533
  C:1165H         LINE#         534
  C:116AH         LINE#         535
  C:1171H         LINE#         536
  C:1176H         LINE#         537
  C:117DH         LINE#         538
  C:117DH         LINE#         539
  C:1182H         LINE#         540
  C:1189H         LINE#         541
  C:1189H         LINE#         542
  C:1193H         LINE#         543
  C:119AH         LINE#         544
  C:119FH         LINE#         545
  C:11A6H         LINE#         546
  C:11B1H         LINE#         547
  C:11B8H         LINE#         548
  C:11BDH         LINE#         549
  C:11C4H         LINE#         550
  C:11C4H         LINE#         551
  C:11C4H         LINE#         552
  -------         ENDPROC       QJ8900_DAY
  -------         PROC          MAIN
  C:0A13H         LINE#         554
  C:0A13H         LINE#         555
  C:0A13H         LINE#         556
  C:0A16H         LINE#         557
  C:0A1DH         LINE#         558
BL51 BANKED LINKER/LOCATER V6.22.2.0                                                  05/06/2026  19:51:26  PAGE 14


  C:0A20H         LINE#         559
  C:0A23H         LINE#         560
  C:0A26H         LINE#         561
  C:0A29H         LINE#         572
  C:0A2CH         LINE#         573
  C:0A33H         LINE#         575
  C:0A40H         LINE#         576
  C:0A4DH         LINE#         577
  C:0A5AH         LINE#         578
  C:0A67H         LINE#         580
  C:0A74H         LINE#         581
  C:0A81H         LINE#         582
  C:0A8EH         LINE#         584
  C:0A9BH         LINE#         585
  C:0AA8H         LINE#         586
  C:0AB5H         LINE#         587
  C:0AB7H         LINE#         588
  C:0AB7H         LINE#         589
  C:0AB7H         LINE#         590
  C:0AC4H         LINE#         591
  C:0AC7H         LINE#         592
  C:0ACFH         LINE#         593
  C:0ADAH         LINE#         595
  C:0ADFH         LINE#         596
  C:0AEFH         LINE#         598
  C:0B05H         LINE#         599
  C:0B0CH         LINE#         600
  C:0B0CH         LINE#         601
  C:0B0FH         LINE#         602
  C:0B11H         LINE#         603
  C:0B16H         LINE#         604
  C:0B16H         LINE#         605
  C:0B19H         LINE#         606
  C:0B26H         LINE#         607
  C:0B26H         LINE#         608
  C:0B26H         LINE#         609
  C:0B2EH         LINE#         610
  C:0B31H         LINE#         614
  C:0B36H         LINE#         615
  C:0B36H         LINE#         616
  C:0B3DH         LINE#         617
  C:0B3FH         LINE#         618
  C:0B4AH         LINE#         619
  C:0B55H         LINE#         620
  C:0B55H         LINE#         621
  C:0B5AH         LINE#         622
  C:0B5AH         LINE#         623
  C:0B61H         LINE#         624
  C:0B63H         LINE#         625
  C:0B6CH         LINE#         626
  C:0B6CH         LINE#         627
  C:0B6CH         LINE#         628
  C:0B71H         LINE#         629
  C:0B71H         LINE#         630
  C:0B74H         LINE#         631
  C:0B74H         LINE#         632
  C:0B88H         LINE#         633
BL51 BANKED LINKER/LOCATER V6.22.2.0                                                  05/06/2026  19:51:26  PAGE 15


  C:0B88H         LINE#         634
  C:0B95H         LINE#         635
  C:0B95H         LINE#         636
  C:0BA4H         LINE#         637
  C:0BA4H         LINE#         638
  C:0BAAH         LINE#         639
  C:0BB0H         LINE#         640
  -------         ENDPROC       MAIN
  -------         PROC          TIMER0_ROUTINE
  -------         DO            
  D:0021H         SYMBOL        T0Count
  D:0023H         SYMBOL        T0Count0
  D:0025H         SYMBOL        T0Count1
  -------         ENDDO         
  C:1266H         LINE#         652
  C:126FH         LINE#         657
  C:1272H         LINE#         658
  C:1275H         LINE#         659
  C:127DH         LINE#         660
  C:1286H         LINE#         661
  C:1286H         LINE#         662
  C:128CH         LINE#         663
  C:1298H         LINE#         664
  C:1298H         LINE#         665
  C:12A0H         LINE#         666
  C:12AEH         LINE#         667
  C:12AEH         LINE#         668
  C:12B4H         LINE#         669
  C:12B6H         LINE#         670
  C:12B6H         LINE#         672
  C:12C3H         LINE#         673
  C:12CEH         LINE#         674
  C:12CEH         LINE#         675
  C:12D4H         LINE#         676
  C:12D7H         LINE#         677
  C:12D7H         LINE#         678
  C:12E4H         LINE#         679
  C:12EFH         LINE#         680
  C:12EFH         LINE#         681
  C:12F5H         LINE#         682
  C:12F8H         LINE#         683
  C:12F8H         LINE#         684
  -------         ENDPROC       TIMER0_ROUTINE
  -------         ENDMOD        MAIN

  -------         MODULE        DS1302
  C:0000H         SYMBOL        _ICE_DUMMY_
  C:0EDFH         PUBLIC        DS1302_SetTime
  D:00A0H         PUBLIC        P2
  D:00B0H         PUBLIC        P3
  B:00B0H.0       PUBLIC        DS1302_CE
  C:12FFH         PUBLIC        DS1302_ReadTime
  D:0008H         PUBLIC        DS1302_Time
  C:1602H         PUBLIC        _DS1302_ReadByte
  C:1AA5H         PUBLIC        DS1302_Init
  B:00B0H.1       PUBLIC        DS1302_IO
  C:15ABH         PUBLIC        _DS1302_WriteByte
BL51 BANKED LINKER/LOCATER V6.22.2.0                                                  05/06/2026  19:51:26  PAGE 16


  B:00B0H.3       PUBLIC        DS1302_SCLK
  -------         PROC          DS1302_INIT
  C:1AA5H         LINE#         27
  C:1AA5H         LINE#         28
  C:1AA5H         LINE#         29
  C:1AA7H         LINE#         30
  C:1AA9H         LINE#         31
  -------         ENDPROC       DS1302_INIT
  -------         PROC          L?0027
  -------         ENDPROC       L?0027
  -------         PROC          _DS1302_WRITEBYTE
  D:0003H         SYMBOL        Command
  D:0055H         SYMBOL        Data
  -------         DO            
  D:0005H         SYMBOL        i
  -------         ENDDO         
  C:15ABH         LINE#         39
  C:15B1H         LINE#         40
  C:15B1H         LINE#         42
  C:15B3H         LINE#         43
  C:15B5H         LINE#         44
  C:15B5H         LINE#         45
  C:15D0H         LINE#         46
  C:15D2H         LINE#         47
  C:15D4H         LINE#         48
  C:15D8H         LINE#         49
  C:15DAH         LINE#         50
  C:15DAH         LINE#         51
  C:15F7H         LINE#         52
  C:15F9H         LINE#         53
  C:15FBH         LINE#         54
  C:15FFH         LINE#         55
  C:1601H         LINE#         56
  -------         ENDPROC       _DS1302_WRITEBYTE
  -------         PROC          _DS1302_READBYTE
  D:0055H         SYMBOL        Command
  -------         DO            
  D:0005H         SYMBOL        i
  D:0056H         SYMBOL        Data
  -------         ENDDO         
  C:1602H         LINE#         63
  C:1604H         LINE#         64
  C:1604H         LINE#         65
  C:1607H         LINE#         66
  C:160CH         LINE#         67
  C:160FH         LINE#         68
  C:1611H         LINE#         69
  C:1613H         LINE#         70
  C:1613H         LINE#         71
  C:162DH         LINE#         72
  C:162FH         LINE#         73
  C:1631H         LINE#         74
  C:1635H         LINE#         75
  C:1637H         LINE#         76
  C:1637H         LINE#         77
  C:1639H         LINE#         78
  C:163BH         LINE#         79
BL51 BANKED LINKER/LOCATER V6.22.2.0                                                  05/06/2026  19:51:26  PAGE 17


  C:164BH         LINE#         80
  C:164FH         LINE#         81
  C:1651H         LINE#         82
  C:1653H         LINE#         83
  C:1658H         LINE#         84
  C:165AH         LINE#         85
  -------         ENDPROC       _DS1302_READBYTE
  -------         PROC          DS1302_SETTIME
  C:0EDFH         LINE#         92
  C:0EDFH         LINE#         93
  C:0EDFH         LINE#         94
  C:0EE4H         LINE#         95
  C:0EECH         LINE#         96
  C:0F1CH         LINE#         97
  C:0F4CH         LINE#         98
  C:0F81H         LINE#         99
  C:0FB6H         LINE#         100
  C:0FEBH         LINE#         101
  C:1020H         LINE#         102
  C:1055H         LINE#         103
  C:105EH         LINE#         104
  -------         ENDPROC       DS1302_SETTIME
  -------         PROC          DS1302_READTIME
  -------         DO            
  D:0007H         SYMBOL        Temp
  -------         ENDDO         
  C:12FFH         LINE#         112
  C:12FFH         LINE#         113
  C:12FFH         LINE#         115
  C:1304H         LINE#         116
  C:1313H         LINE#         117
  C:1318H         LINE#         118
  C:1327H         LINE#         119
  C:132CH         LINE#         120
  C:133BH         LINE#         121
  C:1340H         LINE#         122
  C:134FH         LINE#         123
  C:1354H         LINE#         124
  C:1363H         LINE#         125
  C:1368H         LINE#         126
  C:1377H         LINE#         127
  C:137CH         LINE#         128
  C:138BH         LINE#         129
  -------         ENDPROC       DS1302_READTIME
  -------         ENDMOD        DS1302

  -------         MODULE        TIMER0
  C:0000H         SYMBOL        _ICE_DUMMY_
  B:00A8H.7       PUBLIC        EA
  D:0089H         PUBLIC        TMOD
  B:00A8H.1       PUBLIC        ET0
  B:0088H.5       PUBLIC        TF0
  C:19E6H         PUBLIC        Timer0Init
  D:008CH         PUBLIC        TH0
  D:008AH         PUBLIC        TL0
  B:00B8H.1       PUBLIC        PT0
  B:0088H.4       PUBLIC        TR0
BL51 BANKED LINKER/LOCATER V6.22.2.0                                                  05/06/2026  19:51:26  PAGE 18


  -------         PROC          TIMER0INIT
  C:19E6H         LINE#         8
  C:19E6H         LINE#         9
  C:19E6H         LINE#         10
  C:19E9H         LINE#         11
  C:19ECH         LINE#         12
  C:19EFH         LINE#         13
  C:19F2H         LINE#         14
  C:19F4H         LINE#         15
  C:19F6H         LINE#         16
  C:19F8H         LINE#         17
  C:19FAH         LINE#         18
  C:19FCH         LINE#         19
  -------         ENDPROC       TIMER0INIT
  -------         ENDMOD        TIMER0

  -------         MODULE        AT24C02
  C:0000H         SYMBOL        _ICE_DUMMY_
  C:1779H         PUBLIC        _AT24C02_ReadByte
  C:182BH         PUBLIC        _AT24C02_WriteByte
  -------         PROC          _AT24C02_WRITEBYTE
  D:000FH         SYMBOL        WordAddress
  D:0010H         SYMBOL        Data
  C:182BH         LINE#         12
  C:1831H         LINE#         13
  C:1831H         LINE#         14
  C:1834H         LINE#         15
  C:1839H         LINE#         16
  C:183CH         LINE#         17
  C:1841H         LINE#         18
  C:1844H         LINE#         19
  C:1849H         LINE#         20
  C:184CH         LINE#         21
  -------         ENDPROC       _AT24C02_WRITEBYTE
  -------         PROC          _AT24C02_READBYTE
  D:0012H         SYMBOL        WordAddress
  -------         DO            
  D:0013H         SYMBOL        Data
  -------         ENDDO         
  C:1779H         LINE#         29
  C:177BH         LINE#         30
  C:177BH         LINE#         32
  C:177EH         LINE#         33
  C:1783H         LINE#         34
  C:1786H         LINE#         35
  C:178BH         LINE#         36
  C:178EH         LINE#         37
  C:1791H         LINE#         38
  C:1796H         LINE#         39
  C:1799H         LINE#         40
  C:179EH         LINE#         41
  C:17A3H         LINE#         42
  C:17A6H         LINE#         43
  C:17A8H         LINE#         44
  -------         ENDPROC       _AT24C02_READBYTE
  -------         ENDMOD        AT24C02

BL51 BANKED LINKER/LOCATER V6.22.2.0                                                  05/06/2026  19:51:26  PAGE 19


  -------         MODULE        I2C
  C:0000H         SYMBOL        _ICE_DUMMY_
  B:00A0H.1       PUBLIC        I2C_SCL
  D:00A0H         PUBLIC        P2
  C:1A96H         PUBLIC        I2C_Start
  C:1A8CH         PUBLIC        _I2C_SendAck
  C:1802H         PUBLIC        _I2C_SendByte
  C:0003H         PUBLIC        I2C_Stop
  C:1A80H         PUBLIC        I2C_ReceiveAck
  B:00A0H.0       PUBLIC        I2C_SDA
  C:193AH         PUBLIC        I2C_ReceiveByte
  -------         PROC          I2C_START
  C:1A96H         LINE#         11
  C:1A96H         LINE#         12
  C:1A96H         LINE#         13
  C:1A98H         LINE#         14
  C:1A9AH         LINE#         15
  C:1A9CH         LINE#         16
  C:1A9EH         LINE#         17
  -------         ENDPROC       I2C_START
  -------         PROC          I2C_STOP
  C:0003H         LINE#         24
  C:0003H         LINE#         25
  C:0003H         LINE#         26
  C:0005H         LINE#         27
  C:0007H         LINE#         28
  C:0009H         LINE#         29
  -------         ENDPROC       I2C_STOP
  -------         PROC          _I2C_SENDBYTE
  D:0005H         SYMBOL        Byte
  -------         DO            
  D:0003H         SYMBOL        i
  -------         ENDDO         
  C:1802H         LINE#         36
  C:1804H         LINE#         37
  C:1804H         LINE#         39
  C:1806H         LINE#         40
  C:1806H         LINE#         41
  C:1822H         LINE#         42
  C:1824H         LINE#         43
  C:1826H         LINE#         44
  C:182AH         LINE#         45
  -------         ENDPROC       _I2C_SENDBYTE
  -------         PROC          I2C_RECEIVEBYTE
  -------         DO            
  D:0006H         SYMBOL        i
  D:0007H         SYMBOL        Byte
  -------         ENDDO         
  C:193AH         LINE#         52
  C:193AH         LINE#         53
  C:193AH         LINE#         54
  C:193CH         LINE#         55
  C:193EH         LINE#         56
  C:193FH         LINE#         57
  C:193FH         LINE#         58
  C:1941H         LINE#         59
  C:1951H         LINE#         60
BL51 BANKED LINKER/LOCATER V6.22.2.0                                                  05/06/2026  19:51:26  PAGE 20


  C:1953H         LINE#         61
  C:1957H         LINE#         62
  C:1957H         LINE#         63
  -------         ENDPROC       I2C_RECEIVEBYTE
  -------         PROC          _I2C_SENDACK
  D:0007H         SYMBOL        AckBit
  C:1A8CH         LINE#         70
  C:1A8CH         LINE#         71
  C:1A8CH         LINE#         72
  C:1A91H         LINE#         73
  C:1A93H         LINE#         74
  C:1A95H         LINE#         75
  -------         ENDPROC       _I2C_SENDACK
  -------         PROC          I2C_RECEIVEACK
  -------         DO            
  D:0007H         SYMBOL        AckBit
  -------         ENDDO         
  C:1A80H         LINE#         82
  C:1A80H         LINE#         83
  C:1A80H         LINE#         85
  C:1A82H         LINE#         86
  C:1A84H         LINE#         87
  C:1A89H         LINE#         88
  C:1A8BH         LINE#         89
  C:1A8BH         LINE#         90
  -------         ENDPROC       I2C_RECEIVEACK
  -------         ENDMOD        I2C

  -------         MODULE        LCD12864
  C:0000H         SYMBOL        _ICE_DUMMY_
  D:0080H         PUBLIC        P0
  D:00A0H         PUBLIC        P2
  D:00B0H         PUBLIC        P3
  B:00B0H.5       PUBLIC        LCD12864_PSB
  C:0826H         PUBLIC        _IntToStr
  B:00A0H.4       PUBLIC        LCD12864_RST
  C:17B5H         PUBLIC        _LCD12864_Delay1ms
  C:18FAH         PUBLIC        _LCD12864_WriteData
  C:1873H         PUBLIC        _LCD12864_ShowNumber
  B:00A0H.7       PUBLIC        LCD12864_EN
  C:1A3CH         PUBLIC        LCD12864_Init
  C:1482H         PUBLIC        _IntToStr2Digit
  C:18DAH         PUBLIC        _LCD12864_WriteCmd
  C:184FH         PUBLIC        LCD12864_Busy
  B:00A0H.6       PUBLIC        LCD12864_RS
  B:00A0H.5       PUBLIC        LCD12864_RW
  C:1547H         PUBLIC        _LCD12864_SetWindow
  C:1958H         PUBLIC        _LCD12864_Show2DigitNumber
  -------         PROC          L?0070
  -------         ENDPROC       L?0070
  -------         PROC          _LCD12864_DELAY1MS
  D:0006H         SYMBOL        c
  -------         DO            
  D:0004H         SYMBOL        a
  D:0005H         SYMBOL        b
  -------         ENDDO         
  C:17B5H         LINE#         3
BL51 BANKED LINKER/LOCATER V6.22.2.0                                                  05/06/2026  19:51:26  PAGE 21


  C:17B5H         LINE#         4
  C:17B5H         LINE#         6
  C:17BEH         LINE#         7
  C:17BEH         LINE#         8
  C:17C8H         LINE#         9
  C:17C8H         LINE#         10
  C:17CCH         LINE#         11
  C:17CFH         LINE#         12
  C:17D6H         LINE#         13
  -------         ENDPROC       _LCD12864_DELAY1MS
  -------         PROC          LCD12864_BUSY
  -------         DO            
  D:0003H         SYMBOL        i
  -------         ENDDO         
  C:184FH         LINE#         15
  C:184FH         LINE#         16
  C:184FH         LINE#         17
  C:1851H         LINE#         19
  C:1853H         LINE#         20
  C:1855H         LINE#         22
  C:1857H         LINE#         23
  C:185DH         LINE#         25
  C:1862H         LINE#         26
  C:1862H         LINE#         27
  C:1863H         LINE#         28
  C:1869H         LINE#         29
  C:1869H         LINE#         30
  C:186BH         LINE#         31
  C:186EH         LINE#         32
  C:186EH         LINE#         33
  C:186EH         LINE#         35
  C:1870H         LINE#         37
  C:1872H         LINE#         38
  -------         ENDPROC       LCD12864_BUSY
  -------         PROC          _LCD12864_WRITECMD
  D:0001H         SYMBOL        cmd
  -------         DO            
  D:0002H         SYMBOL        i
  -------         ENDDO         
  C:18DAH         LINE#         40
  C:18DCH         LINE#         41
  C:18DCH         LINE#         43
  C:18DEH         LINE#         44
  C:18E4H         LINE#         45
  C:18E4H         LINE#         46
  C:18EAH         LINE#         47
  C:18EBH         LINE#         48
  C:18F1H         LINE#         49
  C:18F2H         LINE#         51
  C:18F2H         LINE#         52
  C:18F2H         LINE#         54
  C:18F4H         LINE#         55
  C:18F4H         LINE#         56
  C:18F4H         LINE#         58
  C:18F4H         LINE#         60
  C:18F4H         LINE#         61
  C:18F7H         LINE#         62
BL51 BANKED LINKER/LOCATER V6.22.2.0                                                  05/06/2026  19:51:26  PAGE 22


  C:18F9H         LINE#         63
  -------         ENDPROC       _LCD12864_WRITECMD
  -------         PROC          _LCD12864_WRITEDATA
  D:0001H         SYMBOL        dat
  -------         DO            
  D:0002H         SYMBOL        i
  -------         ENDDO         
  C:18FAH         LINE#         65
  C:18FCH         LINE#         66
  C:18FCH         LINE#         68
  C:18FEH         LINE#         69
  C:1904H         LINE#         70
  C:1904H         LINE#         71
  C:190AH         LINE#         72
  C:190BH         LINE#         73
  C:1911H         LINE#         74
  C:1912H         LINE#         76
  C:1912H         LINE#         77
  C:1912H         LINE#         79
  C:1914H         LINE#         80
  C:1914H         LINE#         81
  C:1914H         LINE#         83
  C:1914H         LINE#         85
  C:1914H         LINE#         86
  C:1917H         LINE#         87
  C:1919H         LINE#         88
  -------         ENDPROC       _LCD12864_WRITEDATA
  -------         PROC          _INTTOSTR
  D:006BH         SYMBOL        num
  D:006DH         SYMBOL        str
  D:0070H         SYMBOL        digits
  -------         DO            
  D:0072H         SYMBOL        i
  D:0074H         SYMBOL        isNegative
  D:0006H         SYMBOL        start
  D:0076H         SYMBOL        end
  D:0078H         SYMBOL        len
  D:007AH         SYMBOL        temp
  -------         DO            
  D:007CH         SYMBOL        temp_char
  -------         ENDDO         
  -------         ENDDO         
  C:0826H         LINE#         90
  C:0830H         LINE#         91
  C:0830H         LINE#         92
  C:0835H         LINE#         93
  C:0839H         LINE#         95
  C:083DH         LINE#         96
  C:0843H         LINE#         99
  C:084CH         LINE#         100
  C:084CH         LINE#         101
  C:0852H         LINE#         102
  C:085DH         LINE#         103
  C:0862H         LINE#         104
  C:0862H         LINE#         108
  C:0862H         LINE#         109
  C:086AH         LINE#         110
BL51 BANKED LINKER/LOCATER V6.22.2.0                                                  05/06/2026  19:51:26  PAGE 23


  C:0879H         LINE#         111
  C:087FH         LINE#         114
  C:089CH         LINE#         115
  C:089CH         LINE#         116
  C:08BBH         LINE#         117
  C:08BBH         LINE#         118
  C:08CCH         LINE#         119
  C:08D6H         LINE#         120
  C:08D6H         LINE#         123
  C:08DCH         LINE#         124
  C:08DCH         LINE#         125
  C:08E9H         LINE#         126
  C:08E9H         LINE#         127
  C:08FEH         LINE#         128
  C:0900H         LINE#         130
  C:0900H         LINE#         132
  C:090CH         LINE#         133
  C:091CH         LINE#         134
  C:091CH         LINE#         135
  C:091EH         LINE#         137
  C:091EH         LINE#         138
  C:0924H         LINE#         140
  C:0924H         LINE#         141
  C:094CH         LINE#         142
  C:095BH         LINE#         143
  C:0961H         LINE#         144
  C:0961H         LINE#         147
  C:0967H         LINE#         148
  C:0967H         LINE#         149
  C:0981H         LINE#         150
  C:0981H         LINE#         153
  C:09AFH         LINE#         154
  C:09BBH         LINE#         155
  C:09CAH         LINE#         156
  C:09CAH         LINE#         157
  C:09D9H         LINE#         158
  C:09E9H         LINE#         159
  C:09F4H         LINE#         160
  C:09F9H         LINE#         161
  C:0A01H         LINE#         162
  C:0A03H         LINE#         164
  -------         ENDPROC       _INTTOSTR
  -------         PROC          _INTTOSTR2DIGIT
  D:005AH         SYMBOL        num
  D:005CH         SYMBOL        str
  C:1482H         LINE#         167
  C:148CH         LINE#         168
  C:148CH         LINE#         170
  C:149AH         LINE#         171
  C:14ADH         LINE#         174
  C:14C4H         LINE#         175
  C:14DEH         LINE#         176
  -------         ENDPROC       _INTTOSTR2DIGIT
  -------         PROC          LCD12864_INIT
  C:1A3CH         LINE#         179
  C:1A3CH         LINE#         180
  C:1A3CH         LINE#         181
BL51 BANKED LINKER/LOCATER V6.22.2.0                                                  05/06/2026  19:51:26  PAGE 24


  C:1A3EH         LINE#         182
  C:1A40H         LINE#         184
  C:1A45H         LINE#         185
  C:1A4AH         LINE#         186
  -------         ENDPROC       LCD12864_INIT
  -------         PROC          _LCD12864_SETWINDOW
  D:0007H         SYMBOL        x
  D:006BH         SYMBOL        y
  D:006CH         SYMBOL        word
  -------         DO            
  D:006FH         SYMBOL        pos
  D:0070H         SYMBOL        i
  -------         ENDDO         
  C:1547H         LINE#         189
  C:154FH         LINE#         190
  C:154FH         LINE#         192
  C:1552H         LINE#         195
  C:155DH         LINE#         196
  C:1568H         LINE#         197
  C:1573H         LINE#         198
  C:157EH         LINE#         201
  C:1583H         LINE#         204
  C:159CH         LINE#         205
  C:159CH         LINE#         206
  C:159FH         LINE#         207
  C:15A1H         LINE#         208
  C:15A3H         LINE#         209
  C:15A5H         LINE#         210
  -------         ENDPROC       _LCD12864_SETWINDOW
  -------         PROC          _LCD12864_SHOWNUMBER
  D:0059H         SYMBOL        x
  D:005AH         SYMBOL        y
  D:0006H         SYMBOL        number
  -------         DO            
  D:005BH         SYMBOL        buffer
  -------         ENDDO         
  C:1873H         LINE#         212
  C:187BH         LINE#         213
  C:187BH         LINE#         215
  C:188AH         LINE#         216
  -------         ENDPROC       _LCD12864_SHOWNUMBER
  -------         PROC          _LCD12864_SHOW2DIGITNUMBER
  D:0055H         SYMBOL        x
  D:0056H         SYMBOL        y
  D:0006H         SYMBOL        number
  -------         DO            
  D:0057H         SYMBOL        buffer
  -------         ENDDO         
  C:1958H         LINE#         219
  C:1960H         LINE#         220
  C:1960H         LINE#         222
  C:1969H         LINE#         223
  -------         ENDPROC       _LCD12864_SHOW2DIGITNUMBER
  -------         ENDMOD        LCD12864

  -------         MODULE        MATRIXKEY
  C:0000H         SYMBOL        _ICE_DUMMY_
BL51 BANKED LINKER/LOCATER V6.22.2.0                                                  05/06/2026  19:51:26  PAGE 25


  D:0090H         PUBLIC        P1
  B:0090H.0       PUBLIC        P1_0
  B:0090H.1       PUBLIC        P1_1
  B:0090H.2       PUBLIC        P1_2
  B:0090H.3       PUBLIC        P1_3
  B:0090H.4       PUBLIC        P1_4
  B:0090H.5       PUBLIC        P1_5
  B:0090H.6       PUBLIC        P1_6
  B:0090H.7       PUBLIC        P1_7
  C:0D56H         PUBLIC        MatrixKey
  -------         PROC          MATRIXKEY
  -------         DO            
  D:0055H         SYMBOL        KeyNumber
  -------         ENDDO         
  C:0D56H         LINE#         10
  C:0D56H         LINE#         11
  C:0D56H         LINE#         12
  C:0D59H         LINE#         14
  C:0D5CH         LINE#         15
  C:0D5EH         LINE#         16
  C:0D74H         LINE#         17
  C:0D8BH         LINE#         18
  C:0DA2H         LINE#         19
  C:0DB9H         LINE#         21
  C:0DBCH         LINE#         22
  C:0DBEH         LINE#         23
  C:0DD5H         LINE#         24
  C:0DECH         LINE#         25
  C:0E03H         LINE#         26
  C:0E1AH         LINE#         28
  C:0E1DH         LINE#         29
  C:0E1FH         LINE#         30
  C:0E36H         LINE#         31
  C:0E4DH         LINE#         32
  C:0E64H         LINE#         33
  C:0E7BH         LINE#         35
  C:0E7EH         LINE#         36
  C:0E80H         LINE#         37
  C:0E97H         LINE#         38
  C:0EAEH         LINE#         39
  C:0EC5H         LINE#         40
  C:0EDCH         LINE#         42
  C:0EDEH         LINE#         43
  -------         ENDPROC       MATRIXKEY
  -------         ENDMOD        MATRIXKEY

  -------         MODULE        DS18B20
  C:0000H         SYMBOL        _ICE_DUMMY_
  C:1A73H         PUBLIC        DS18B20_ConvertT
  C:17D7H         PUBLIC        DS18B20_ReadT
  -------         PROC          DS18B20_CONVERTT
  C:1A73H         LINE#         10
  C:1A73H         LINE#         11
  C:1A73H         LINE#         12
  C:1A76H         LINE#         13
  C:1A7BH         LINE#         14
  -------         ENDPROC       DS18B20_CONVERTT
BL51 BANKED LINKER/LOCATER V6.22.2.0                                                  05/06/2026  19:51:26  PAGE 26


  -------         PROC          DS18B20_READT
  -------         DO            
  D:0055H         SYMBOL        TLSB
  D:0007H         SYMBOL        TMSB
  D:0006H         SYMBOL        Temp
  D:0004H         SYMBOL        T
  -------         ENDDO         
  C:17D7H         LINE#         18
  C:17D7H         LINE#         19
  C:17D7H         LINE#         23
  C:17DAH         LINE#         24
  C:17DFH         LINE#         25
  C:17E4H         LINE#         26
  C:17E9H         LINE#         27
  C:17ECH         LINE#         28
  C:17F1H         LINE#         29
  -------         ENDPROC       DS18B20_READT
  -------         ENDMOD        DS18B20

  -------         MODULE        ONEWIRE
  C:0000H         SYMBOL        _ICE_DUMMY_
  D:00B0H         PUBLIC        P3
  B:00A8H.7       PUBLIC        EA
  C:19B1H         PUBLIC        OneWire_ReceiveBit
  B:00B0H.7       PUBLIC        OneWire_DQ
  C:1976H         PUBLIC        OneWire_Init
  C:19CDH         PUBLIC        _OneWire_SendByte
  C:19FDH         PUBLIC        _OneWire_SendBit
  C:1994H         PUBLIC        OneWire_ReceiveByte
  -------         PROC          ONEWIRE_INIT
  -------         DO            
  D:0007H         SYMBOL        i
  D:0006H         SYMBOL        AckBit
  -------         ENDDO         
  C:1976H         LINE#         6
  C:1976H         LINE#         7
  C:1976H         LINE#         10
  C:1978H         LINE#         11
  C:197AH         LINE#         12
  C:197CH         LINE#         13
  C:1980H         LINE#         14
  C:1982H         LINE#         15
  C:1986H         LINE#         16
  C:198BH         LINE#         17
  C:198FH         LINE#         18
  C:1991H         LINE#         19
  C:1993H         LINE#         20
  -------         ENDPROC       ONEWIRE_INIT
  -------         PROC          _ONEWIRE_SENDBIT
  D:0007H         SYMBOL        Bit
  -------         DO            
  D:0006H         SYMBOL        i
  -------         ENDDO         
  C:19FDH         LINE#         27
  C:19FDH         LINE#         28
  C:19FDH         LINE#         30
  C:19FFH         LINE#         31
BL51 BANKED LINKER/LOCATER V6.22.2.0                                                  05/06/2026  19:51:26  PAGE 27


  C:1A01H         LINE#         32
  C:1A05H         LINE#         33
  C:1A0AH         LINE#         34
  C:1A0EH         LINE#         35
  C:1A10H         LINE#         36
  C:1A12H         LINE#         37
  -------         ENDPROC       _ONEWIRE_SENDBIT
  -------         PROC          ONEWIRE_RECEIVEBIT
  -------         DO            
  D:0007H         SYMBOL        i
  D:0006H         SYMBOL        Bit
  -------         ENDDO         
  C:19B1H         LINE#         44
  C:19B1H         LINE#         45
  C:19B1H         LINE#         48
  C:19B3H         LINE#         49
  C:19B5H         LINE#         50
  C:19B9H         LINE#         51
  C:19BBH         LINE#         52
  C:19BFH         LINE#         53
  C:19C4H         LINE#         54
  C:19C8H         LINE#         55
  C:19CAH         LINE#         56
  C:19CCH         LINE#         57
  -------         ENDPROC       ONEWIRE_RECEIVEBIT
  -------         PROC          _ONEWIRE_SENDBYTE
  D:0005H         SYMBOL        Byte
  -------         DO            
  D:0004H         SYMBOL        i
  -------         ENDDO         
  C:19CDH         LINE#         64
  C:19CFH         LINE#         65
  C:19CFH         LINE#         67
  C:19D1H         LINE#         68
  C:19D1H         LINE#         69
  C:19E1H         LINE#         70
  C:19E5H         LINE#         71
  -------         ENDPROC       _ONEWIRE_SENDBYTE
  -------         PROC          ONEWIRE_RECEIVEBYTE
  -------         DO            
  D:0004H         SYMBOL        i
  D:0005H         SYMBOL        Byte
  -------         ENDDO         
  C:1994H         LINE#         78
  C:1994H         LINE#         79
  C:1994H         LINE#         81
  C:1996H         LINE#         82
  C:1997H         LINE#         83
  C:1997H         LINE#         84
  C:19AAH         LINE#         85
  C:19AEH         LINE#         86
  C:19B0H         LINE#         87
  -------         ENDPROC       ONEWIRE_RECEIVEBYTE
  -------         ENDMOD        ONEWIRE

  -------         MODULE        DELAY
  C:0000H         SYMBOL        _ICE_DUMMY_
BL51 BANKED LINKER/LOCATER V6.22.2.0                                                  05/06/2026  19:51:26  PAGE 28


  C:1A13H         PUBLIC        _Delay
  -------         PROC          _DELAY
  D:0006H         SYMBOL        xms
  -------         DO            
  D:0005H         SYMBOL        i
  D:0004H         SYMBOL        j
  -------         ENDDO         
  C:1A13H         LINE#         2
  C:1A13H         LINE#         3
  C:1A13H         LINE#         5
  C:1A1DH         LINE#         6
  C:1A1DH         LINE#         7
  C:1A1FH         LINE#         8
  C:1A21H         LINE#         10
  C:1A21H         LINE#         11
  C:1A23H         LINE#         12
  C:1A25H         LINE#         13
  C:1A27H         LINE#         14
  -------         ENDPROC       _DELAY
  -------         ENDMOD        DELAY

  -------         MODULE        BUZZER
  C:0000H         SYMBOL        _ICE_DUMMY_
  D:0090H         PUBLIC        P1
  B:0090H.5       PUBLIC        Buzzer
  C:1A9FH         PUBLIC        Buzzer_Delay500us
  C:1897H         PUBLIC        _Buzzer_Time
  -------         PROC          BUZZER_DELAY500US
  -------         DO            
  D:0007H         SYMBOL        i
  -------         ENDDO         
  C:1A9FH         LINE#         12
  C:1A9FH         LINE#         13
  C:1A9FH         LINE#         16
  C:1AA0H         LINE#         17
  C:1AA2H         LINE#         18
  C:1AA4H         LINE#         19
  -------         ENDPROC       BUZZER_DELAY500US
  -------         PROC          _BUZZER_TIME
  D:0004H         SYMBOL        ms
  -------         DO            
  D:0002H         SYMBOL        i
  -------         ENDDO         
  C:1897H         LINE#         26
  C:189BH         LINE#         27
  C:189BH         LINE#         29
  C:18ACH         LINE#         30
  C:18ACH         LINE#         31
  C:18AEH         LINE#         32
  C:18B1H         LINE#         33
  C:18B8H         LINE#         34
  -------         ENDPROC       _BUZZER_TIME
  -------         ENDMOD        BUZZER

  -------         MODULE        QJ8900
  C:0000H         SYMBOL        _ICE_DUMMY_
  D:0090H         PUBLIC        P1
BL51 BANKED LINKER/LOCATER V6.22.2.0                                                  05/06/2026  19:51:26  PAGE 29


  C:1A62H         PUBLIC        _QJ8900_PlayOneTrack
  B:00A8H.7       PUBLIC        EA
  C:16A8H         PUBLIC        _SendData
  C:1A4FH         PUBLIC        _Delay1us
  B:0090H.0       PUBLIC        SDA
  C:18B9H         PUBLIC        _QJ8900_PlayTrack
  C:191AH         PUBLIC        _QJ8900_SetVolume
  -------         PROC          _DELAY1US
  D:0006H         SYMBOL        T
  C:1A4FH         LINE#         4
  C:1A4FH         LINE#         5
  C:1A4FH         LINE#         6
  C:1A57H         LINE#         7
  C:1A57H         LINE#         8
  C:1A61H         LINE#         9
  -------         ENDPROC       _DELAY1US
  -------         PROC          _QJ8900_SETVOLUME
  D:0055H         SYMBOL        volume
  C:191AH         LINE#         11
  C:191CH         LINE#         12
  C:191CH         LINE#         13
  C:1926H         LINE#         14
  C:192BH         LINE#         15
  C:1930H         LINE#         16
  C:1935H         LINE#         17
  -------         ENDPROC       _QJ8900_SETVOLUME
  -------         PROC          _QJ8900_PLAYONETRACK
  D:0055H         SYMBOL        track
  C:1A62H         LINE#         20
  C:1A64H         LINE#         21
  C:1A64H         LINE#         22
  C:1A69H         LINE#         23
  C:1A6EH         LINE#         24
  -------         ENDPROC       _QJ8900_PLAYONETRACK
  -------         PROC          _QJ8900_PLAYTRACK
  D:0055H         SYMBOL        track
  C:18B9H         LINE#         27
  C:18BBH         LINE#         28
  C:18BBH         LINE#         29
  C:18C0H         LINE#         30
  C:18CAH         LINE#         31
  C:18D5H         LINE#         32
  -------         ENDPROC       _QJ8900_PLAYTRACK
  -------         PROC          _SENDDATA
  D:0005H         SYMBOL        Addr
  -------         DO            
  D:0003H         SYMBOL        i
  -------         ENDDO         
  C:16A8H         LINE#         35
  C:16AAH         LINE#         36
  C:16AAH         LINE#         38
  C:16ACH         LINE#         39
  C:16AEH         LINE#         40
  C:16B5H         LINE#         41
  C:16B7H         LINE#         42
  C:16BEH         LINE#         43
  C:16C0H         LINE#         44
BL51 BANKED LINKER/LOCATER V6.22.2.0                                                  05/06/2026  19:51:26  PAGE 30


  C:16C0H         LINE#         45
  C:16C2H         LINE#         46
  C:16C6H         LINE#         47
  C:16C6H         LINE#         48
  C:16CDH         LINE#         49
  C:16CFH         LINE#         50
  C:16D3H         LINE#         51
  C:16D5H         LINE#         53
  C:16D5H         LINE#         54
  C:16DCH         LINE#         55
  C:16DEH         LINE#         56
  C:16E5H         LINE#         57
  C:16E5H         LINE#         58
  C:16E9H         LINE#         59
  C:16EDH         LINE#         60
  C:16EFH         LINE#         61
  C:16F1H         LINE#         62
  -------         ENDPROC       _SENDDATA
  -------         ENDMOD        QJ8900

  -------         MODULE        ?C?FPDIV
  C:02DFH         PUBLIC        ?C?FPDIV
  -------         ENDMOD        ?C?FPDIV

  -------         MODULE        ?C?FCAST
  C:0386H         PUBLIC        ?C?FCASTC
  C:0381H         PUBLIC        ?C?FCASTI
  C:037CH         PUBLIC        ?C?FCASTL
  -------         ENDMOD        ?C?FCAST

  -------         MODULE        ?C?CASTF
  C:03BAH         PUBLIC        ?C?CASTF
  -------         ENDMOD        ?C?CASTF

  -------         MODULE        ?C?SCDIV
  C:043BH         PUBLIC        ?C?SCDIV
  -------         ENDMOD        ?C?SCDIV

  -------         MODULE        ?C?CLDOPTR
  C:045DH         PUBLIC        ?C?CLDOPTR
  -------         ENDMOD        ?C?CLDOPTR

  -------         MODULE        ?C?CSTPTR
  C:048AH         PUBLIC        ?C?CSTPTR
  -------         ENDMOD        ?C?CSTPTR

  -------         MODULE        ?C?CSTOPTR
  C:049CH         PUBLIC        ?C?CSTOPTR
  -------         ENDMOD        ?C?CSTOPTR

  -------         MODULE        ?C?IMUL
  C:04BEH         PUBLIC        ?C?IMUL
  -------         ENDMOD        ?C?IMUL

  -------         MODULE        ?C?UIDIV
  C:04D0H         PUBLIC        ?C?UIDIV
  -------         ENDMOD        ?C?UIDIV
BL51 BANKED LINKER/LOCATER V6.22.2.0                                                  05/06/2026  19:51:26  PAGE 31



  -------         MODULE        ?C?SIDIV
  C:0525H         PUBLIC        ?C?SIDIV
  -------         ENDMOD        ?C?SIDIV

  -------         MODULE        ?C?LNEG
  C:055BH         PUBLIC        ?C?LNEG
  -------         ENDMOD        ?C?LNEG

  -------         MODULE        ?C?ULSHR
  C:0569H         PUBLIC        ?C?ULSHR
  -------         ENDMOD        ?C?ULSHR

  -------         MODULE        ?C?LLDCODE
  C:057CH         PUBLIC        ?C?LLDCODE
  -------         ENDMOD        ?C?LLDCODE

Program Size: data=113.1 xdata=0 code=6825
LINK/LOCATE RUN COMPLETE.  0 WARNING(S),  0 ERROR(S)
